
Migration — LIVE

Found 138 posts on the old site.
Migrating 135 (3 already done).

  ok   [1/135] crime-101-moves-between-meditation-and-mayhem  (5 images)
  ok   [2/135] brandy-melville-is-this-fashion-hell  (7 images)
  ok   [3/135] the-death-of-the-subculture  (4 images)
  ok   [4/135] the-myth-of-the-liberal-international-world-order-a-  (6 images)
  ok   [5/135] beyond-the-oscars-what-2025-films-are-worth-the-watc  (6 images)
  ok   [6/135] akira-kurosawa-a-giant-of-world-cinema  (5 images)
  ok   [7/135] what-calls-me-back-the-5-sri-lankan-dishes-i-miss-fr  (6 images)
  ok   [8/135] a-night-of-nostalgia-and-crescendos-at-mussoc-s-choi  (9 images)
  ok   [9/135] behind-the-women-architecting-african-sound  (11 images)
  ok   [10/135] the-aliens-want-to-direct-their-own-project-hail-mar  (5 images)
  ok   [11/135] could-ve-would-ve-should-ve-inside-in-every-life-but  (3 images)
  ok   [12/135] when-music-becomes-political-bad-bunny  (4 images)
  ok   [13/135] when-everything-needs-a-french-name-why-foreign-food  (4 images)
  ok   [14/135] just-friends-the-waiting-room  (4 images)
  ok   [15/135] the-artist-spotlight-don-toliver  (4 images)
  ok   [16/135] women-in-film  (8 images)
  ok   [17/135] i-got-nerf-ed-by-edward-cullen-kidding-welcome-to-th  (5 images)
  ok   [18/135] the-capitalism-of-it-me-why-we-buy-personalities-in-  (3 images)
  ok   [19/135] art-didn-t-fall-out-of-a-coconut-tree-the-illusion-o  (5 images)
  ok   [20/135] sinners-the-sin-of-greatness  (6 images)
  ok   [21/135] more-than-a-meal-finding-home-at-spir-nott-s-iftar-w  (5 images)
  ok   [22/135] real-love-is-dead-or-at-least-that-s-what-the-intern  (5 images)
  ok   [23/135] when-did-we-stop-singing-along-to-disney-songs  (6 images)
  ok   [24/135] war-power-and-the-politics-of-distraction-the-patter  (4 images)
  ok   [25/135] is-emerald-fennell-s-wuthering-heights-reaching-new-  (6 images)
  ok   [26/135] cancel-cupid-culture-valentines-for-losers  (6 images)
  ok   [27/135] wait-the-night-isn-t-over-yet-the-spirit-of-moreh  (4 images)
  ok   [28/135] breaking-news-little-chinese-man-sits-in-your-camera  (6 images)
  ok   [29/135] this-article-is-an-illusion-the-now-you-see-me-franc  (6 images)
  ok   [30/135] inside-sydney-sweeney-s-new-lingerie-brand-syrn  (6 images)
  ok   [31/135] can-the-stateless-be-stated-political-non-representa  (5 images)
  ok   [32/135] an-afternoon-ampang-affair-at-the-campus  (6 images)
  ok   [33/135] let-s-all-be-in-love-challengers-and-the-corners-it-  (5 images)
  ok   [34/135] cancer-conspiracies-and-the-comfort-of-certainty  (8 images)
  ok   [35/135] frog-costumes-in-ice-out-how-humor-became-minnesota-  (4 images)
  ok   [36/135] women-celebrities-visible-body-hair-autonomy-or-aest  (6 images)
  ok   [37/135] what-does-it-mean-to-be-a-good-person-in-2026  (4 images)
  ok   [38/135] calling-the-local-into-play-raising-the-dead-in-tere  (7 images)
  ok   [39/135] exchange-diaries-the-world-through-a-bay-window  (9 images)
  ok   [40/135] a-night-with-dukes-a-band-still-on-their-quest  (9 images)
  ok   [41/135] inside-the-soul-of-guillermo-del-toro-s-frankenstein  (10 images)
  ok   [42/135] screaming-action-for-films-in-a-literal-sense  (6 images)
  ok   [43/135] parasocialism-your-idols-aren-t-humans-they-re-pawns  (5 images)
  ok   [44/135] david-mcelroy-weaving-life-s-landscapes-into-verse  (6 images)
  ok   [45/135] was-music-better-in-2016-the-comeback-of-2010s-music  (4 images)
  ok   [46/135] how-korea-made-the-world-crave-its-soft-power-hallyu  (4 images)
  ok   [47/135] 2026-golden-globes-best-worst-dressed  (13 images)
  ok   [48/135] the-2016-nostalgia-wave-why-are-we-posting-our-old-l  (8 images)
  ok   [49/135] has-technology-drained-the-soul-from-sound  (5 images)
  ok   [50/135] it-s-all-over-the-screen-heated-rivalry  (4 images)
  ok   [51/135] the-legacy-satoshi-kon-deserves  (8 images)
  ok   [52/135] from-matcha-to-mushroom-karaage-a-rakuki-food-review  (3 images)
  ok   [53/135] office-siren-aesthetic-the-rise-of-soft-power-dressi  (12 images)
  ok   [54/135] cover-your-eyes-primate-is-bloody-but-that-s-about-i  (5 images)
  ok   [55/135] when-your-soul-says-no-but-your-hands-say-yes  (0 images)
  ok   [56/135] say-cheese-to-2016-the-return-of-king-kylie  (10 images)
  ok   [57/135] the-male-loneliness-epidemic-manufactured-machinatio  (5 images)
  ok   [58/135] the-south-asian-spring-how-gen-zs-turned-protest-int  (4 images)
  ok   [59/135] manufactured-warmth-that-awkward-trump-mamdani-excha  (4 images)
  ok   [60/135] reality-dating-shows-slops-or-bops  (4 images)
  ok   [61/135] beyond-the-game-how-tech-is-reshaping-athletes-and-f  (5 images)
  ok   [62/135] fifa-arena-the-mini-pitch-that-could-transform-malay  (4 images)
  ok   [63/135] when-fear-meets-profit-the-hidden-economics-of-cance  (4 images)
  ok   [64/135] minimalist-cinema-the-art-of-watching-paint-dry  (5 images)
  ok   [65/135] sabrina-carpenter-man-s-best-friend-and-internet-s-w  (5 images)
  ok   [66/135] seeing-solo-how-one-afternoon-at-miyakori-café-redef  (4 images)
  ok   [67/135] the-cathedral-of-galliano-reverence-ruin-and-the-res  (9 images)
  ok   [68/135] sinimafest-a-love-letter-to-film  (4 images)
  ok   [69/135] the-malaysian-watering-hole-kopitiams-mamaks  (5 images)
  ok   [70/135] the-actor-spotlight-robert-pattinson  (6 images)
  ok   [71/135] the-fight-club-of-movies-the-filmbro-experience  (5 images)
  ok   [72/135] the-summer-we-wondered-what-exactly-is-moonbeam-ice-  (4 images)
  ok   [73/135] hair-we-go-again-kim-k-skims-and-the-return-of-the-b  (4 images)
  ok   [74/135] kl-s-bubble-tea-map-from-rich-milk-teas-to-guilt-fre  (5 images)
  ok   [75/135] a-celebration-of-malaysian-cinema-yasmin-ahmad  (6 images)
  ok   [76/135] wicked-for-good-a-spell-that-lingers-after-the-curta  (5 images)
  ok   [77/135] will-theatrical-releases-be-a-lost-art  (5 images)
  ok   [78/135] have-15-minute-meals-killed-the-art-of-quality-cooki  (4 images)
  ok   [79/135] god-save-the-westwood-girl-punk-and-its-price-tag  (13 images)
  ok   [80/135] hip-hop-and-the-fine-line-between-appreciation-and-a  (5 images)
  ok   [81/135] unm-s-music-society-brings-soundtracks-to-life-in-sp  (8 images)
  ok   [82/135] are-chick-flicks-in-the-pink-of-health  (6 images)
  ok   [83/135] culture-of-cults-lifting-the-veil-on-cults  (5 images)
  ok   [84/135] crisis-in-the-classroom-malaysian-femicides-culture-  (4 images)
  ok   [85/135] sini-ma-festival-the-experience  (7 images)
  ok   [86/135] from-diyas-to-delicious-a-feast-of-deepavali-memorie  (5 images)
  ok   [87/135] if-you-didn-t-eat-it-off-the-floor-your-food-is-clea  (5 images)
  ok   [88/135] sini-ma-fest-stop-saying-the-local-film-industry-is-  (7 images)
  ok   [89/135] the-creator-or-the-created-do-we-build-the-algorithm  (5 images)
  ok   [90/135] why-do-men-need-love-to-become-good  (6 images)
  ok   [91/135] she-s-more-than-game-the-rise-of-women-s-sports  (4 images)
  ok   [92/135] the-age-of-awwtism-inspecting-the-commodification-an  (4 images)
  ok   [93/135] behind-the-suits-ybs-unplugged  (5 images)
  ok   [94/135] cause-i-m-a-punkrocker-yes-i-am-punk-rock-iggy-pop-a  (6 images)
  ok   [95/135] the-nights-i-find-home-in-television  (7 images)
  ok   [96/135] an-exclusive-with-the-baby-cosmos-the-real-notes-beh  (9 images)
  ok   [97/135] the-clean-girl-aesthetic-effortless-or-too-much-effo  (6 images)
  ok   [98/135] how-to-eat-like-a-true-bangali  (9 images)
  ok   [99/135] the-west-s-favourite-dictators-when-democracy-only-m  (4 images)
  ok   [100/135] why-we-re-still-at-buzzfeed-our-obsession-with-perso  (5 images)
  ok   [101/135] once-again-reboots-and-revivals-nostalgia-or-no-new-  (6 images)
  ok   [102/135] malaysia-s-fifa-ban-citizenship-scandal-disgraceful-  (4 images)
  ok   [103/135] papua-new-guinea-s-forests-are-falling-and-malaysia-  (4 images)
  ok   [104/135] gwen-s-dreams-aren-t-just-dreams-in-black-phone-2  (5 images)
  ok   [105/135] you-hate-nepotism-until-it-s-your-cousin-getting-the  (4 images)
  ok   [106/135] green-getaways-a-real-possibility-or-a-visionary-dre  (5 images)
  ok   [107/135] sad-girls-smoke-a-lot  (5 images)
  ok   [108/135] wellness-wrapped-in-capitalism  (4 images)
  ok   [109/135] to-all-the-frankensteins-i-ve-loved-before-a-trip-do  (5 images)
  ok   [110/135] as-the-bullets-ring-out-unpacking-the-gaza-peace-dea  (4 images)
  ok   [111/135] is-listening-to-music-a-spiritual-experience  (5 images)
  ok   [112/135] lights-cameras-angels-the-reawakening-of-the-victori  (12 images)
  ok   [113/135] please-bring-honour-to-us-all  (4 images)
  ok   [114/135] the-devil-wears-prada-a-million-dollar-wardrobe  (9 images)
  ok   [115/135] the-summer-hikaru-died-the-intricacies-of-coming-of-  (5 images)
  ok   [116/135] artist-vs-artist-how-their-music-conjugates-the-mass  (6 images)
  ok   [117/135] we-don-t-listen-and-we-judge-exploring-cancel-cultur  (4 images)
  ok   [118/135] blusher-101-finding-your-formula  (12 images)
  ok   [119/135] respect-your-elders-even-when-they-don-t-respect-you  (4 images)
  ok   [120/135] the-global-sumud-flotilla-an-act-of-resistance  (5 images)
  ok   [121/135] watch-it-before-film-twitter-tells-you-it-s-bad-the-  (4 images)
  FAIL [122/135] between-trade-and-principles-should-malaysia-welcome
       terminated
  ok   [123/135] feed-me-something-real-what-are-we-really-consuming-  (5 images)
  ok   [124/135] weapons-looking-camp-right-in-the-eyes-of-horror  (6 images)
  ok   [125/135] clubs-societies-fair-2025-a-fair-truly-unlike-any-ot  (5 images)
  ok   [126/135] sorry-but-i-don-t-want-to-love-my-body-today  (4 images)
  ok   [127/135] policy-gaps-and-prejudice-the-refugee-experience-in-  (4 images)
  ok   [128/135] gen-z-humour-is-not-just-funny  (4 images)
  ok   [129/135] ss26-ready-to-wear-dior-by-jonathan-anderson-dresses  (9 images)
  ok   [130/135] tea-cha-or-the-dancing-leaf  (4 images)
  ok   [131/135] one-battle-after-another-review-the-battle-that-hit-  (5 images)
  ok   [132/135] friendships-in-the-age-of-followers  (4 images)
  ok   [133/135] through-melodies-our-ancestors-speak-to-us  (5 images)
  ok   [134/135] zohran-mamdani-why-are-gen-zs-paying-attention  (3 images)
  ok   [135/135] 10-ways-to-boost-online-engagement-with-multimedia-c  (3 images)

Done. 134 succeeded, 1 failed.
Total migrated so far: 137/138

